../Core/Src/usart.c:75:6:MX_UART4_Init	8	static
../Core/Src/usart.c:103:6:MX_UART5_Init	8	static
../Core/Src/usart.c:132:6:MX_USART1_UART_Init	8	static
../Core/Src/usart.c:161:6:MX_USART3_UART_Init	8	static
../Core/Src/usart.c:189:6:HAL_UART_MspInit	72	static
../Core/Src/usart.c:316:6:HAL_UART_MspDeInit	16	static
../Core/Src/usart.c:408:6:Uart_EmptyRxQ	16	static
../Core/Src/usart.c:416:5:Uart_RxQRead	24	static
../Core/Src/usart.c:429:5:CommGetChar	16	static
../Core/Src/usart.c:434:6:HAL_UART_RxCpltCallback	32	static
../Core/Src/usart.c:489:8:Usart_Init	16	static
../Core/Src/usart.c:538:6:CommBufClear	24	static
../Core/Src/usart.c:569:6:DataGetFlowProcess	32	static
../Core/Src/usart.c:881:6:DataSendToMotor	56	dynamic
../Core/Src/usart.c:945:7:IsChkSumOK	24	static
../Core/Src/usart.c:954:6:GetCheckSum	24	static
../Core/Src/usart.c:960:7:Byte2Int	16	static
../Core/Src/usart.c:964:5:Byte2LInt	16	static
../Core/Src/usart.c:969:7:Int2Byte	24	static
../Core/Src/usart.c:975:7:LInt2Byte	24	static
../Core/Src/usart.c:985:6:update_channels	24	static
../Core/Src/usart.c:1068:6:CalcRPM	40	static
../Core/Src/usart.c:1104:6:CursorPosition	24	static
../Core/Src/usart.c:1113:6:ibus_read	16	static
../Core/Src/usart.c:1126:6:ibus_is_valid	4	static
../Core/Src/usart.c:1132:6:ibus_checksum	24	static
../Core/Src/usart.c:1146:6:ibus_update	16	static
../Core/Src/usart.c:1154:7:MotorMaxRPM	24	static
