13:47:40 **** Clean-only build of configuration Debug for project Ai_Wheel_Chair ****
make -j16 clean 
rm -rf ./Drivers/STM32F1xx_HAL_Driver/Src/stm32f1xx_hal.cyclo ./Drivers/STM32F1xx_HAL_Driver/Src/stm32f1xx_hal.d ./Drivers/STM32F1xx_HAL_Driver/Src/stm32f1xx_hal.o ./Drivers/STM32F1xx_HAL_Driver/Src/stm32f1xx_hal.su ./Drivers/STM32F1xx_HAL_Driver/Src/stm32f1xx_hal_can.cyclo ./Drivers/STM32F1xx_HAL_Driver/Src/stm32f1xx_hal_can.d ./Drivers/STM32F1xx_HAL_Driver/Src/stm32f1xx_hal_can.o ./Drivers/STM32F1xx_HAL_Driver/Src/stm32f1xx_hal_can.su ./Drivers/STM32F1xx_HAL_Driver/Src/stm32f1xx_hal_cortex.cyclo ./Drivers/STM32F1xx_HAL_Driver/Src/stm32f1xx_hal_cortex.d ./Drivers/STM32F1xx_HAL_Driver/Src/stm32f1xx_hal_cortex.o ./Drivers/STM32F1xx_HAL_Driver/Src/stm32f1xx_hal_cortex.su ./Drivers/STM32F1xx_HAL_Driver/Src/stm32f1xx_hal_dma.cyclo ./Drivers/STM32F1xx_HAL_Driver/Src/stm32f1xx_hal_dma.d ./Drivers/STM32F1xx_HAL_Driver/Src/stm32f1xx_hal_dma.o ./Drivers/STM32F1xx_HAL_Driver/Src/stm32f1xx_hal_dma.su ./Drivers/STM32F1xx_HAL_Driver/Src/stm32f1xx_hal_exti.cyclo ./Drivers/STM32F1xx_HAL_Driver/Src/stm32f1xx_hal_exti.d ./Drivers/STM32F1xx_HAL_Driver/Src/stm32f1xx_hal_exti.o ./Drivers/STM32F1xx_HAL_Driver/Src/stm32f1xx_hal_exti.su ./Drivers/STM32F1xx_HAL_Driver/Src/stm32f1xx_hal_flash.cyclo ./Drivers/STM32F1xx_HAL_Driver/Src/stm32f1xx_hal_flash.d ./Drivers/STM32F1xx_HAL_Driver/Src/stm32f1xx_hal_flash.o ./Drivers/STM32F1xx_HAL_Driver/Src/stm32f1xx_hal_flash.su ./Drivers/STM32F1xx_HAL_Driver/Src/stm32f1xx_hal_flash_ex.cyclo ./Drivers/STM32F1xx_HAL_Driver/Src/stm32f1xx_hal_flash_ex.d ./Drivers/STM32F1xx_HAL_Driver/Src/stm32f1xx_hal_flash_ex.o ./Drivers/STM32F1xx_HAL_Driver/Src/stm32f1xx_hal_flash_ex.su ./Drivers/STM32F1xx_HAL_Driver/Src/stm32f1xx_hal_gpio.cyclo ./Drivers/STM32F1xx_HAL_Driver/Src/stm32f1xx_hal_gpio.d ./Drivers/STM32F1xx_HAL_Driver/Src/stm32f1xx_hal_gpio.o ./Drivers/STM32F1xx_HAL_Driver/Src/stm32f1xx_hal_gpio.su ./Drivers/STM32F1xx_HAL_Driver/Src/stm32f1xx_hal_gpio_ex.cyclo ./Drivers/STM32F1xx_HAL_Driver/Src/stm32f1xx_hal_gpio_ex.d ./Drivers/STM32F1xx_HAL_Driver/Src/stm32f1xx_hal_gpio_ex.o ./Drivers/STM32F1xx_HAL_Driver/Src/stm32f1xx_hal_gpio_ex.su ./Drivers/STM32F1xx_HAL_Driver/Src/stm32f1xx_hal_pwr.cyclo ./Drivers/STM32F1xx_HAL_Driver/Src/stm32f1xx_hal_pwr.d ./Drivers/STM32F1xx_HAL_Driver/Src/stm32f1xx_hal_pwr.o ./Drivers/STM32F1xx_HAL_Driver/Src/stm32f1xx_hal_pwr.su ./Drivers/STM32F1xx_HAL_Driver/Src/stm32f1xx_hal_rcc.cyclo ./Drivers/STM32F1xx_HAL_Driver/Src/stm32f1xx_hal_rcc.d ./Drivers/STM32F1xx_HAL_Driver/Src/stm32f1xx_hal_rcc.o ./Drivers/STM32F1xx_HAL_Driver/Src/stm32f1xx_hal_rcc.su ./Drivers/STM32F1xx_HAL_Driver/Src/stm32f1xx_hal_rcc_ex.cyclo ./Drivers/STM32F1xx_HAL_Driver/Src/stm32f1xx_hal_rcc_ex.d ./Drivers/STM32F1xx_HAL_Driver/Src/stm32f1xx_hal_rcc_ex.o ./Drivers/STM32F1xx_HAL_Driver/Src/stm32f1xx_hal_rcc_ex.su ./Drivers/STM32F1xx_HAL_Driver/Src/stm32f1xx_hal_tim.cyclo ./Drivers/STM32F1xx_HAL_Driver/Src/stm32f1xx_hal_tim.d ./Drivers/STM32F1xx_HAL_Driver/Src/stm32f1xx_hal_tim.o ./Drivers/STM32F1xx_HAL_Driver/Src/stm32f1xx_hal_tim.su ./Drivers/STM32F1xx_HAL_Driver/Src/stm32f1xx_hal_tim_ex.cyclo ./Drivers/STM32F1xx_HAL_Driver/Src/stm32f1xx_hal_tim_ex.d ./Drivers/STM32F1xx_HAL_Driver/Src/stm32f1xx_hal_tim_ex.o ./Drivers/STM32F1xx_HAL_Driver/Src/stm32f1xx_hal_tim_ex.su ./Drivers/STM32F1xx_HAL_Driver/Src/stm32f1xx_hal_uart.cyclo ./Drivers/STM32F1xx_HAL_Driver/Src/stm32f1xx_hal_uart.d ./Drivers/STM32F1xx_HAL_Driver/Src/stm32f1xx_hal_uart.o ./Drivers/STM32F1xx_HAL_Driver/Src/stm32f1xx_hal_uart.su
rm -rf ./Core/Startup/startup_stm32f105rbtx.d ./Core/Startup/startup_stm32f105rbtx.o
rm -rf ./Core/Src/can.cyclo ./Core/Src/can.d ./Core/Src/can.o ./Core/Src/can.su ./Core/Src/gpio.cyclo ./Core/Src/gpio.d ./Core/Src/gpio.o ./Core/Src/gpio.su ./Core/Src/main.cyclo ./Core/Src/main.d ./Core/Src/main.o ./Core/Src/main.su ./Core/Src/stm32f1xx_hal_msp.cyclo ./Core/Src/stm32f1xx_hal_msp.d ./Core/Src/stm32f1xx_hal_msp.o ./Core/Src/stm32f1xx_hal_msp.su ./Core/Src/stm32f1xx_it.cyclo ./Core/Src/stm32f1xx_it.d ./Core/Src/stm32f1xx_it.o ./Core/Src/stm32f1xx_it.su ./Core/Src/syscalls.cyclo ./Core/Src/syscalls.d ./Core/Src/syscalls.o ./Core/Src/syscalls.su ./Core/Src/sysmem.cyclo ./Core/Src/sysmem.d ./Core/Src/sysmem.o ./Core/Src/sysmem.su ./Core/Src/system_stm32f1xx.cyclo ./Core/Src/system_stm32f1xx.d ./Core/Src/system_stm32f1xx.o ./Core/Src/system_stm32f1xx.su ./Core/Src/tim.cyclo ./Core/Src/tim.d ./Core/Src/tim.o ./Core/Src/tim.su ./Core/Src/usart.cyclo ./Core/Src/usart.d ./Core/Src/usart.o ./Core/Src/usart.su
rm -rf Ai_Wheel_Chair.elf Ai_Wheel_Chair.list Ai_Wheel_Chair.map default.size.stdout
 
13:47:41 **** Build of configuration Debug for project Ai_Wheel_Chair ****
make -j16 all 
arm-none-eabi-gcc "../Drivers/STM32F1xx_HAL_Driver/Src/stm32f1xx_hal.c" -mcpu=cortex-m3 -std=gnu11 -g3 -DDEBUG -DUSE_HAL_DRIVER -DSTM32F105xC -c -I../Core/Inc -I../Drivers/STM32F1xx_HAL_Driver/Inc -I../Drivers/STM32F1xx_HAL_Driver/Inc/Legacy -I../Drivers/CMSIS/Device/ST/STM32F1xx/Include -I../Drivers/CMSIS/Include -O0 -ffunction-sections -fdata-sections -Wall -fstack-usage -fcyclomatic-complexity -MMD -MP -MF"Drivers/STM32F1xx_HAL_Driver/Src/stm32f1xx_hal.d" -MT"Drivers/STM32F1xx_HAL_Driver/Src/stm32f1xx_hal.o" --specs=nano.specs -mfloat-abi=soft -mthumb -o "Drivers/STM32F1xx_HAL_Driver/Src/stm32f1xx_hal.o"
arm-none-eabi-gcc "../Drivers/STM32F1xx_HAL_Driver/Src/stm32f1xx_hal_can.c" -mcpu=cortex-m3 -std=gnu11 -g3 -DDEBUG -DUSE_HAL_DRIVER -DSTM32F105xC -c -I../Core/Inc -I../Drivers/STM32F1xx_HAL_Driver/Inc -I../Drivers/STM32F1xx_HAL_Driver/Inc/Legacy -I../Drivers/CMSIS/Device/ST/STM32F1xx/Include -I../Drivers/CMSIS/Include -O0 -ffunction-sections -fdata-sections -Wall -fstack-usage -fcyclomatic-complexity -MMD -MP -MF"Drivers/STM32F1xx_HAL_Driver/Src/stm32f1xx_hal_can.d" -MT"Drivers/STM32F1xx_HAL_Driver/Src/stm32f1xx_hal_can.o" --specs=nano.specs -mfloat-abi=soft -mthumb -o "Drivers/STM32F1xx_HAL_Driver/Src/stm32f1xx_hal_can.o"
arm-none-eabi-gcc "../Drivers/STM32F1xx_HAL_Driver/Src/stm32f1xx_hal_cortex.c" -mcpu=cortex-m3 -std=gnu11 -g3 -DDEBUG -DUSE_HAL_DRIVER -DSTM32F105xC -c -I../Core/Inc -I../Drivers/STM32F1xx_HAL_Driver/Inc -I../Drivers/STM32F1xx_HAL_Driver/Inc/Legacy -I../Drivers/CMSIS/Device/ST/STM32F1xx/Include -I../Drivers/CMSIS/Include -O0 -ffunction-sections -fdata-sections -Wall -fstack-usage -fcyclomatic-complexity -MMD -MP -MF"Drivers/STM32F1xx_HAL_Driver/Src/stm32f1xx_hal_cortex.d" -MT"Drivers/STM32F1xx_HAL_Driver/Src/stm32f1xx_hal_cortex.o" --specs=nano.specs -mfloat-abi=soft -mthumb -o "Drivers/STM32F1xx_HAL_Driver/Src/stm32f1xx_hal_cortex.o"
arm-none-eabi-gcc "../Drivers/STM32F1xx_HAL_Driver/Src/stm32f1xx_hal_dma.c" -mcpu=cortex-m3 -std=gnu11 -g3 -DDEBUG -DUSE_HAL_DRIVER -DSTM32F105xC -c -I../Core/Inc -I../Drivers/STM32F1xx_HAL_Driver/Inc -I../Drivers/STM32F1xx_HAL_Driver/Inc/Legacy -I../Drivers/CMSIS/Device/ST/STM32F1xx/Include -I../Drivers/CMSIS/Include -O0 -ffunction-sections -fdata-sections -Wall -fstack-usage -fcyclomatic-complexity -MMD -MP -MF"Drivers/STM32F1xx_HAL_Driver/Src/stm32f1xx_hal_dma.d" -MT"Drivers/STM32F1xx_HAL_Driver/Src/stm32f1xx_hal_dma.o" --specs=nano.specs -mfloat-abi=soft -mthumb -o "Drivers/STM32F1xx_HAL_Driver/Src/stm32f1xx_hal_dma.o"
arm-none-eabi-gcc "../Drivers/STM32F1xx_HAL_Driver/Src/stm32f1xx_hal_exti.c" -mcpu=cortex-m3 -std=gnu11 -g3 -DDEBUG -DUSE_HAL_DRIVER -DSTM32F105xC -c -I../Core/Inc -I../Drivers/STM32F1xx_HAL_Driver/Inc -I../Drivers/STM32F1xx_HAL_Driver/Inc/Legacy -I../Drivers/CMSIS/Device/ST/STM32F1xx/Include -I../Drivers/CMSIS/Include -O0 -ffunction-sections -fdata-sections -Wall -fstack-usage -fcyclomatic-complexity -MMD -MP -MF"Drivers/STM32F1xx_HAL_Driver/Src/stm32f1xx_hal_exti.d" -MT"Drivers/STM32F1xx_HAL_Driver/Src/stm32f1xx_hal_exti.o" --specs=nano.specs -mfloat-abi=soft -mthumb -o "Drivers/STM32F1xx_HAL_Driver/Src/stm32f1xx_hal_exti.o"
arm-none-eabi-gcc "../Drivers/STM32F1xx_HAL_Driver/Src/stm32f1xx_hal_flash.c" -mcpu=cortex-m3 -std=gnu11 -g3 -DDEBUG -DUSE_HAL_DRIVER -DSTM32F105xC -c -I../Core/Inc -I../Drivers/STM32F1xx_HAL_Driver/Inc -I../Drivers/STM32F1xx_HAL_Driver/Inc/Legacy -I../Drivers/CMSIS/Device/ST/STM32F1xx/Include -I../Drivers/CMSIS/Include -O0 -ffunction-sections -fdata-sections -Wall -fstack-usage -fcyclomatic-complexity -MMD -MP -MF"Drivers/STM32F1xx_HAL_Driver/Src/stm32f1xx_hal_flash.d" -MT"Drivers/STM32F1xx_HAL_Driver/Src/stm32f1xx_hal_flash.o" --specs=nano.specs -mfloat-abi=soft -mthumb -o "Drivers/STM32F1xx_HAL_Driver/Src/stm32f1xx_hal_flash.o"
arm-none-eabi-gcc "../Drivers/STM32F1xx_HAL_Driver/Src/stm32f1xx_hal_flash_ex.c" -mcpu=cortex-m3 -std=gnu11 -g3 -DDEBUG -DUSE_HAL_DRIVER -DSTM32F105xC -c -I../Core/Inc -I../Drivers/STM32F1xx_HAL_Driver/Inc -I../Drivers/STM32F1xx_HAL_Driver/Inc/Legacy -I../Drivers/CMSIS/Device/ST/STM32F1xx/Include -I../Drivers/CMSIS/Include -O0 -ffunction-sections -fdata-sections -Wall -fstack-usage -fcyclomatic-complexity -MMD -MP -MF"Drivers/STM32F1xx_HAL_Driver/Src/stm32f1xx_hal_flash_ex.d" -MT"Drivers/STM32F1xx_HAL_Driver/Src/stm32f1xx_hal_flash_ex.o" --specs=nano.specs -mfloat-abi=soft -mthumb -o "Drivers/STM32F1xx_HAL_Driver/Src/stm32f1xx_hal_flash_ex.o"
arm-none-eabi-gcc "../Drivers/STM32F1xx_HAL_Driver/Src/stm32f1xx_hal_gpio.c" -mcpu=cortex-m3 -std=gnu11 -g3 -DDEBUG -DUSE_HAL_DRIVER -DSTM32F105xC -c -I../Core/Inc -I../Drivers/STM32F1xx_HAL_Driver/Inc -I../Drivers/STM32F1xx_HAL_Driver/Inc/Legacy -I../Drivers/CMSIS/Device/ST/STM32F1xx/Include -I../Drivers/CMSIS/Include -O0 -ffunction-sections -fdata-sections -Wall -fstack-usage -fcyclomatic-complexity -MMD -MP -MF"Drivers/STM32F1xx_HAL_Driver/Src/stm32f1xx_hal_gpio.d" -MT"Drivers/STM32F1xx_HAL_Driver/Src/stm32f1xx_hal_gpio.o" --specs=nano.specs -mfloat-abi=soft -mthumb -o "Drivers/STM32F1xx_HAL_Driver/Src/stm32f1xx_hal_gpio.o"
arm-none-eabi-gcc "../Drivers/STM32F1xx_HAL_Driver/Src/stm32f1xx_hal_gpio_ex.c" -mcpu=cortex-m3 -std=gnu11 -g3 -DDEBUG -DUSE_HAL_DRIVER -DSTM32F105xC -c -I../Core/Inc -I../Drivers/STM32F1xx_HAL_Driver/Inc -I../Drivers/STM32F1xx_HAL_Driver/Inc/Legacy -I../Drivers/CMSIS/Device/ST/STM32F1xx/Include -I../Drivers/CMSIS/Include -O0 -ffunction-sections -fdata-sections -Wall -fstack-usage -fcyclomatic-complexity -MMD -MP -MF"Drivers/STM32F1xx_HAL_Driver/Src/stm32f1xx_hal_gpio_ex.d" -MT"Drivers/STM32F1xx_HAL_Driver/Src/stm32f1xx_hal_gpio_ex.o" --specs=nano.specs -mfloat-abi=soft -mthumb -o "Drivers/STM32F1xx_HAL_Driver/Src/stm32f1xx_hal_gpio_ex.o"
arm-none-eabi-gcc "../Drivers/STM32F1xx_HAL_Driver/Src/stm32f1xx_hal_pwr.c" -mcpu=cortex-m3 -std=gnu11 -g3 -DDEBUG -DUSE_HAL_DRIVER -DSTM32F105xC -c -I../Core/Inc -I../Drivers/STM32F1xx_HAL_Driver/Inc -I../Drivers/STM32F1xx_HAL_Driver/Inc/Legacy -I../Drivers/CMSIS/Device/ST/STM32F1xx/Include -I../Drivers/CMSIS/Include -O0 -ffunction-sections -fdata-sections -Wall -fstack-usage -fcyclomatic-complexity -MMD -MP -MF"Drivers/STM32F1xx_HAL_Driver/Src/stm32f1xx_hal_pwr.d" -MT"Drivers/STM32F1xx_HAL_Driver/Src/stm32f1xx_hal_pwr.o" --specs=nano.specs -mfloat-abi=soft -mthumb -o "Drivers/STM32F1xx_HAL_Driver/Src/stm32f1xx_hal_pwr.o"
arm-none-eabi-gcc "../Drivers/STM32F1xx_HAL_Driver/Src/stm32f1xx_hal_rcc.c" -mcpu=cortex-m3 -std=gnu11 -g3 -DDEBUG -DUSE_HAL_DRIVER -DSTM32F105xC -c -I../Core/Inc -I../Drivers/STM32F1xx_HAL_Driver/Inc -I../Drivers/STM32F1xx_HAL_Driver/Inc/Legacy -I../Drivers/CMSIS/Device/ST/STM32F1xx/Include -I../Drivers/CMSIS/Include -O0 -ffunction-sections -fdata-sections -Wall -fstack-usage -fcyclomatic-complexity -MMD -MP -MF"Drivers/STM32F1xx_HAL_Driver/Src/stm32f1xx_hal_rcc.d" -MT"Drivers/STM32F1xx_HAL_Driver/Src/stm32f1xx_hal_rcc.o" --specs=nano.specs -mfloat-abi=soft -mthumb -o "Drivers/STM32F1xx_HAL_Driver/Src/stm32f1xx_hal_rcc.o"
arm-none-eabi-gcc "../Drivers/STM32F1xx_HAL_Driver/Src/stm32f1xx_hal_rcc_ex.c" -mcpu=cortex-m3 -std=gnu11 -g3 -DDEBUG -DUSE_HAL_DRIVER -DSTM32F105xC -c -I../Core/Inc -I../Drivers/STM32F1xx_HAL_Driver/Inc -I../Drivers/STM32F1xx_HAL_Driver/Inc/Legacy -I../Drivers/CMSIS/Device/ST/STM32F1xx/Include -I../Drivers/CMSIS/Include -O0 -ffunction-sections -fdata-sections -Wall -fstack-usage -fcyclomatic-complexity -MMD -MP -MF"Drivers/STM32F1xx_HAL_Driver/Src/stm32f1xx_hal_rcc_ex.d" -MT"Drivers/STM32F1xx_HAL_Driver/Src/stm32f1xx_hal_rcc_ex.o" --specs=nano.specs -mfloat-abi=soft -mthumb -o "Drivers/STM32F1xx_HAL_Driver/Src/stm32f1xx_hal_rcc_ex.o"
arm-none-eabi-gcc "../Drivers/STM32F1xx_HAL_Driver/Src/stm32f1xx_hal_tim.c" -mcpu=cortex-m3 -std=gnu11 -g3 -DDEBUG -DUSE_HAL_DRIVER -DSTM32F105xC -c -I../Core/Inc -I../Drivers/STM32F1xx_HAL_Driver/Inc -I../Drivers/STM32F1xx_HAL_Driver/Inc/Legacy -I../Drivers/CMSIS/Device/ST/STM32F1xx/Include -I../Drivers/CMSIS/Include -O0 -ffunction-sections -fdata-sections -Wall -fstack-usage -fcyclomatic-complexity -MMD -MP -MF"Drivers/STM32F1xx_HAL_Driver/Src/stm32f1xx_hal_tim.d" -MT"Drivers/STM32F1xx_HAL_Driver/Src/stm32f1xx_hal_tim.o" --specs=nano.specs -mfloat-abi=soft -mthumb -o "Drivers/STM32F1xx_HAL_Driver/Src/stm32f1xx_hal_tim.o"
arm-none-eabi-gcc "../Drivers/STM32F1xx_HAL_Driver/Src/stm32f1xx_hal_tim_ex.c" -mcpu=cortex-m3 -std=gnu11 -g3 -DDEBUG -DUSE_HAL_DRIVER -DSTM32F105xC -c -I../Core/Inc -I../Drivers/STM32F1xx_HAL_Driver/Inc -I../Drivers/STM32F1xx_HAL_Driver/Inc/Legacy -I../Drivers/CMSIS/Device/ST/STM32F1xx/Include -I../Drivers/CMSIS/Include -O0 -ffunction-sections -fdata-sections -Wall -fstack-usage -fcyclomatic-complexity -MMD -MP -MF"Drivers/STM32F1xx_HAL_Driver/Src/stm32f1xx_hal_tim_ex.d" -MT"Drivers/STM32F1xx_HAL_Driver/Src/stm32f1xx_hal_tim_ex.o" --specs=nano.specs -mfloat-abi=soft -mthumb -o "Drivers/STM32F1xx_HAL_Driver/Src/stm32f1xx_hal_tim_ex.o"
arm-none-eabi-gcc "../Drivers/STM32F1xx_HAL_Driver/Src/stm32f1xx_hal_uart.c" -mcpu=cortex-m3 -std=gnu11 -g3 -DDEBUG -DUSE_HAL_DRIVER -DSTM32F105xC -c -I../Core/Inc -I../Drivers/STM32F1xx_HAL_Driver/Inc -I../Drivers/STM32F1xx_HAL_Driver/Inc/Legacy -I../Drivers/CMSIS/Device/ST/STM32F1xx/Include -I../Drivers/CMSIS/Include -O0 -ffunction-sections -fdata-sections -Wall -fstack-usage -fcyclomatic-complexity -MMD -MP -MF"Drivers/STM32F1xx_HAL_Driver/Src/stm32f1xx_hal_uart.d" -MT"Drivers/STM32F1xx_HAL_Driver/Src/stm32f1xx_hal_uart.o" --specs=nano.specs -mfloat-abi=soft -mthumb -o "Drivers/STM32F1xx_HAL_Driver/Src/stm32f1xx_hal_uart.o"
arm-none-eabi-gcc -mcpu=cortex-m3 -g3 -DDEBUG -c -x assembler-with-cpp -MMD -MP -MF"Core/Startup/startup_stm32f105rbtx.d" -MT"Core/Startup/startup_stm32f105rbtx.o" --specs=nano.specs -mfloat-abi=soft -mthumb -o "Core/Startup/startup_stm32f105rbtx.o" "../Core/Startup/startup_stm32f105rbtx.s"
arm-none-eabi-gcc "../Core/Src/can.c" -mcpu=cortex-m3 -std=gnu11 -g3 -DDEBUG -DUSE_HAL_DRIVER -DSTM32F105xC -c -I../Core/Inc -I../Drivers/STM32F1xx_HAL_Driver/Inc -I../Drivers/STM32F1xx_HAL_Driver/Inc/Legacy -I../Drivers/CMSIS/Device/ST/STM32F1xx/Include -I../Drivers/CMSIS/Include -O0 -ffunction-sections -fdata-sections -Wall -fstack-usage -fcyclomatic-complexity -MMD -MP -MF"Core/Src/can.d" -MT"Core/Src/can.o" --specs=nano.specs -mfloat-abi=soft -mthumb -o "Core/Src/can.o"
arm-none-eabi-gcc "../Core/Src/gpio.c" -mcpu=cortex-m3 -std=gnu11 -g3 -DDEBUG -DUSE_HAL_DRIVER -DSTM32F105xC -c -I../Core/Inc -I../Drivers/STM32F1xx_HAL_Driver/Inc -I../Drivers/STM32F1xx_HAL_Driver/Inc/Legacy -I../Drivers/CMSIS/Device/ST/STM32F1xx/Include -I../Drivers/CMSIS/Include -O0 -ffunction-sections -fdata-sections -Wall -fstack-usage -fcyclomatic-complexity -MMD -MP -MF"Core/Src/gpio.d" -MT"Core/Src/gpio.o" --specs=nano.specs -mfloat-abi=soft -mthumb -o "Core/Src/gpio.o"
arm-none-eabi-gcc "../Core/Src/main.c" -mcpu=cortex-m3 -std=gnu11 -g3 -DDEBUG -DUSE_HAL_DRIVER -DSTM32F105xC -c -I../Core/Inc -I../Drivers/STM32F1xx_HAL_Driver/Inc -I../Drivers/STM32F1xx_HAL_Driver/Inc/Legacy -I../Drivers/CMSIS/Device/ST/STM32F1xx/Include -I../Drivers/CMSIS/Include -O0 -ffunction-sections -fdata-sections -Wall -fstack-usage -fcyclomatic-complexity -MMD -MP -MF"Core/Src/main.d" -MT"Core/Src/main.o" --specs=nano.specs -mfloat-abi=soft -mthumb -o "Core/Src/main.o"
arm-none-eabi-gcc "../Core/Src/stm32f1xx_hal_msp.c" -mcpu=cortex-m3 -std=gnu11 -g3 -DDEBUG -DUSE_HAL_DRIVER -DSTM32F105xC -c -I../Core/Inc -I../Drivers/STM32F1xx_HAL_Driver/Inc -I../Drivers/STM32F1xx_HAL_Driver/Inc/Legacy -I../Drivers/CMSIS/Device/ST/STM32F1xx/Include -I../Drivers/CMSIS/Include -O0 -ffunction-sections -fdata-sections -Wall -fstack-usage -fcyclomatic-complexity -MMD -MP -MF"Core/Src/stm32f1xx_hal_msp.d" -MT"Core/Src/stm32f1xx_hal_msp.o" --specs=nano.specs -mfloat-abi=soft -mthumb -o "Core/Src/stm32f1xx_hal_msp.o"
arm-none-eabi-gcc "../Core/Src/stm32f1xx_it.c" -mcpu=cortex-m3 -std=gnu11 -g3 -DDEBUG -DUSE_HAL_DRIVER -DSTM32F105xC -c -I../Core/Inc -I../Drivers/STM32F1xx_HAL_Driver/Inc -I../Drivers/STM32F1xx_HAL_Driver/Inc/Legacy -I../Drivers/CMSIS/Device/ST/STM32F1xx/Include -I../Drivers/CMSIS/Include -O0 -ffunction-sections -fdata-sections -Wall -fstack-usage -fcyclomatic-complexity -MMD -MP -MF"Core/Src/stm32f1xx_it.d" -MT"Core/Src/stm32f1xx_it.o" --specs=nano.specs -mfloat-abi=soft -mthumb -o "Core/Src/stm32f1xx_it.o"
arm-none-eabi-gcc "../Core/Src/syscalls.c" -mcpu=cortex-m3 -std=gnu11 -g3 -DDEBUG -DUSE_HAL_DRIVER -DSTM32F105xC -c -I../Core/Inc -I../Drivers/STM32F1xx_HAL_Driver/Inc -I../Drivers/STM32F1xx_HAL_Driver/Inc/Legacy -I../Drivers/CMSIS/Device/ST/STM32F1xx/Include -I../Drivers/CMSIS/Include -O0 -ffunction-sections -fdata-sections -Wall -fstack-usage -fcyclomatic-complexity -MMD -MP -MF"Core/Src/syscalls.d" -MT"Core/Src/syscalls.o" --specs=nano.specs -mfloat-abi=soft -mthumb -o "Core/Src/syscalls.o"
arm-none-eabi-gcc "../Core/Src/sysmem.c" -mcpu=cortex-m3 -std=gnu11 -g3 -DDEBUG -DUSE_HAL_DRIVER -DSTM32F105xC -c -I../Core/Inc -I../Drivers/STM32F1xx_HAL_Driver/Inc -I../Drivers/STM32F1xx_HAL_Driver/Inc/Legacy -I../Drivers/CMSIS/Device/ST/STM32F1xx/Include -I../Drivers/CMSIS/Include -O0 -ffunction-sections -fdata-sections -Wall -fstack-usage -fcyclomatic-complexity -MMD -MP -MF"Core/Src/sysmem.d" -MT"Core/Src/sysmem.o" --specs=nano.specs -mfloat-abi=soft -mthumb -o "Core/Src/sysmem.o"
arm-none-eabi-gcc "../Core/Src/system_stm32f1xx.c" -mcpu=cortex-m3 -std=gnu11 -g3 -DDEBUG -DUSE_HAL_DRIVER -DSTM32F105xC -c -I../Core/Inc -I../Drivers/STM32F1xx_HAL_Driver/Inc -I../Drivers/STM32F1xx_HAL_Driver/Inc/Legacy -I../Drivers/CMSIS/Device/ST/STM32F1xx/Include -I../Drivers/CMSIS/Include -O0 -ffunction-sections -fdata-sections -Wall -fstack-usage -fcyclomatic-complexity -MMD -MP -MF"Core/Src/system_stm32f1xx.d" -MT"Core/Src/system_stm32f1xx.o" --specs=nano.specs -mfloat-abi=soft -mthumb -o "Core/Src/system_stm32f1xx.o"
../Core/Src/can.c: In function 'CanTxDataProcess':
../Core/Src/can.c:186:6: warning: unused variable 'val' [-Wunused-variable]
  186 |  int val;
      |      ^~~
arm-none-eabi-gcc "../Core/Src/tim.c" -mcpu=cortex-m3 -std=gnu11 -g3 -DDEBUG -DUSE_HAL_DRIVER -DSTM32F105xC -c -I../Core/Inc -I../Drivers/STM32F1xx_HAL_Driver/Inc -I../Drivers/STM32F1xx_HAL_Driver/Inc/Legacy -I../Drivers/CMSIS/Device/ST/STM32F1xx/Include -I../Drivers/CMSIS/Include -O0 -ffunction-sections -fdata-sections -Wall -fstack-usage -fcyclomatic-complexity -MMD -MP -MF"Core/Src/tim.d" -MT"Core/Src/tim.o" --specs=nano.specs -mfloat-abi=soft -mthumb -o "Core/Src/tim.o"
arm-none-eabi-gcc "../Core/Src/usart.c" -mcpu=cortex-m3 -std=gnu11 -g3 -DDEBUG -DUSE_HAL_DRIVER -DSTM32F105xC -c -I../Core/Inc -I../Drivers/STM32F1xx_HAL_Driver/Inc -I../Drivers/STM32F1xx_HAL_Driver/Inc/Legacy -I../Drivers/CMSIS/Device/ST/STM32F1xx/Include -I../Drivers/CMSIS/Include -O0 -ffunction-sections -fdata-sections -Wall -fstack-usage -fcyclomatic-complexity -MMD -MP -MF"Core/Src/usart.d" -MT"Core/Src/usart.o" --specs=nano.specs -mfloat-abi=soft -mthumb -o "Core/Src/usart.o"
../Core/Src/main.c: In function 'main':
../Core/Src/main.c:110:3: warning: implicit declaration of function 'Usart_Init' [-Wimplicit-function-declaration]
  110 |   Usart_Init();
      |   ^~~~~~~~~~
../Core/Src/main.c:111:3: warning: implicit declaration of function 'Can_Initial' [-Wimplicit-function-declaration]
  111 |   Can_Initial();
      |   ^~~~~~~~~~~
../Core/Src/main.c:127:4: warning: implicit declaration of function 'DataGetFlowProcess' [-Wimplicit-function-declaration]
  127 |    DataGetFlowProcess(COM1);
      |    ^~~~~~~~~~~~~~~~~~
../Core/Src/usart.c: In function 'Uart_EmptyRxQ':
../Core/Src/usart.c:395:15: warning: array subscript has type 'char' [-Wchar-subscripts]
  395 |    if(UART_RxQ[port].rptr == UART_RxQ[port].wptr)return(1);
      |               ^
../Core/Src/usart.c:395:38: warning: array subscript has type 'char' [-Wchar-subscripts]
  395 |    if(UART_RxQ[port].rptr == UART_RxQ[port].wptr)return(1);
      |                                      ^
../Core/Src/usart.c: In function 'Uart_RxQRead':
../Core/Src/usart.c:404:15: warning: array subscript has type 'char' [-Wchar-subscripts]
  404 |    if(UART_RxQ[port].rptr == UART_MAXQ-1) UART_RxQ[port].rptr = 0;
      |               ^
../Core/Src/usart.c:404:51: warning: array subscript has type 'char' [-Wchar-subscripts]
  404 |    if(UART_RxQ[port].rptr == UART_MAXQ-1) UART_RxQ[port].rptr = 0;
      |                                                   ^
../Core/Src/usart.c:406:19: warning: array subscript has type 'char' [-Wchar-subscripts]
  406 |    return(UART_RxQ[port].buff[UART_RxQ[port].rptr++]);
      |                   ^
../Core/Src/usart.c:406:39: warning: array subscript has type 'char' [-Wchar-subscripts]
  406 |    return(UART_RxQ[port].buff[UART_RxQ[port].rptr++]);
      |                                       ^
../Core/Src/usart.c: In function 'Usart_Init':
../Core/Src/usart.c:514:12: warning: left-hand operand of comma expression has no effect [-Wunused-value]
  514 |      nRPM_L, nRPM_R = 0;
      |            ^
../Core/Src/usart.c: In function 'DataGetFlowProcess':
../Core/Src/usart.c:690:6: warning: implicit declaration of function 'CalcRPM' [-Wimplicit-function-declaration]
  690 |      CalcRPM();
      |      ^~~~~~~
../Core/Src/usart.c:825:11: warning: implicit declaration of function 'SerialToCanSendProcess' [-Wimplicit-function-declaration]
  825 |           SerialToCanSendProcess(ptr->Buf);
      |           ^~~~~~~~~~~~~~~~~~~~~~
../Core/Src/usart.c: In function 'DataSendToMotor':
../Core/Src/usart.c:877:43: warning: pointer targets in passing argument 2 of 'GetCheckSum' differ in signedness [-Wpointer-sign]
  877 |   ucSendData[12] = (char) GetCheckSum(12, ucSendData);
      |                                           ^~~~~~~~~~
      |                                           |
      |                                           unsigned char *
In file included from ../Core/Src/usart.c:21:
../Core/Inc/usart.h:110:43: note: expected 'char *' but argument is of type 'unsigned char *'
  110 | char GetCheckSum(short nPacketSize, char *byArray);
      |                                     ~~~~~~^~~~~~~
../Core/Src/usart.c:883:41: warning: pointer targets in passing argument 2 of 'GetCheckSum' differ in signedness [-Wpointer-sign]
  883 |   ucSendData[8] = (char) GetCheckSum(8, ucSendData);
      |                                         ^~~~~~~~~~
      |                                         |
      |                                         unsigned char *
In file included from ../Core/Src/usart.c:21:
../Core/Inc/usart.h:110:43: note: expected 'char *' but argument is of type 'unsigned char *'
  110 | char GetCheckSum(short nPacketSize, char *byArray);
      |                                     ~~~~~~^~~~~~~
../Core/Src/usart.c: In function 'update_channels':
../Core/Src/usart.c:992:8: warning: implicit declaration of function 'round' [-Wimplicit-function-declaration]
  992 |   fV = round(((channels[1] / 10) - 100) *  (float)(30.0 / 138.0)* 0.1);
      |        ^~~~~
../Core/Src/usart.c:992:8: warning: incompatible implicit declaration of built-in function 'round'
../Core/Src/usart.c:29:1: note: include '<math.h>' or provide a declaration of 'round'
   28 | #include "gpio.h"
  +++ |+#include <math.h>
   29 | 
../Core/Src/usart.c: At top level:
../Core/Src/usart.c:1026:6: warning: conflicting types for 'CalcRPM'
 1026 | void CalcRPM(){
      |      ^~~~~~~
../Core/Src/usart.c:690:6: note: previous implicit declaration of 'CalcRPM' was here
  690 |      CalcRPM();
      |      ^~~~~~~
arm-none-eabi-gcc -o "Ai_Wheel_Chair.elf" @"objects.list"   -mcpu=cortex-m3 -T"D:\Projects\Ai_Wheel_Chair_0A 20230720_105703(Serial 57600)\Ai_Wheel_Chair\STM32F105RBTX_FLASH.ld" --specs=nosys.specs -Wl,-Map="Ai_Wheel_Chair.map" -Wl,--gc-sections -static -u _printf_float --specs=nano.specs -mfloat-abi=soft -mthumb -u _printf_float -Wl,--start-group -lc -lm -Wl,--end-group
Finished building target: Ai_Wheel_Chair.elf
 
arm-none-eabi-size   Ai_Wheel_Chair.elf 
arm-none-eabi-objdump -h -S  Ai_Wheel_Chair.elf  > "Ai_Wheel_Chair.list"
   text	   data	    bss	    dec	    hex	filename
  35904	    516	  24444	  60864	   edc0	Ai_Wheel_Chair.elf
Finished building: default.size.stdout
 
Finished building: Ai_Wheel_Chair.list
 
13:48:05 **** Incremental Build of configuration Debug for project Ai_Wheel_Chair ****
make -j16 all 
arm-none-eabi-size   Ai_Wheel_Chair.elf 
   text	   data	    bss	    dec	    hex	filename
  35904	    516	  24444	  60864	   edc0	Ai_Wheel_Chair.elf
Finished building: default.size.stdout
 
17:48:33 **** Build of configuration Debug for project Ai_Wheel_Chair ****
make -j16 all 
arm-none-eabi-gcc "../Core/Src/usart.c" -mcpu=cortex-m3 -std=gnu11 -g3 -DDEBUG -DUSE_HAL_DRIVER -DSTM32F105xC -c -I../Core/Inc -I../Drivers/STM32F1xx_HAL_Driver/Inc -I../Drivers/STM32F1xx_HAL_Driver/Inc/Legacy -I../Drivers/CMSIS/Device/ST/STM32F1xx/Include -I../Drivers/CMSIS/Include -O0 -ffunction-sections -fdata-sections -Wall -fstack-usage -fcyclomatic-complexity -MMD -MP -MF"Core/Src/usart.d" -MT"Core/Src/usart.o" --specs=nano.specs -mfloat-abi=soft -mthumb -o "Core/Src/usart.o"
../Core/Src/usart.c: In function 'Uart_EmptyRxQ':
../Core/Src/usart.c:395:15: warning: array subscript has type 'char' [-Wchar-subscripts]
  395 |    if(UART_RxQ[port].rptr == UART_RxQ[port].wptr)return(1);
      |               ^
../Core/Src/usart.c:395:38: warning: array subscript has type 'char' [-Wchar-subscripts]
  395 |    if(UART_RxQ[port].rptr == UART_RxQ[port].wptr)return(1);
      |                                      ^
../Core/Src/usart.c: In function 'Uart_RxQRead':
../Core/Src/usart.c:404:15: warning: array subscript has type 'char' [-Wchar-subscripts]
  404 |    if(UART_RxQ[port].rptr == UART_MAXQ-1) UART_RxQ[port].rptr = 0;
      |               ^
../Core/Src/usart.c:404:51: warning: array subscript has type 'char' [-Wchar-subscripts]
  404 |    if(UART_RxQ[port].rptr == UART_MAXQ-1) UART_RxQ[port].rptr = 0;
      |                                                   ^
../Core/Src/usart.c:406:19: warning: array subscript has type 'char' [-Wchar-subscripts]
  406 |    return(UART_RxQ[port].buff[UART_RxQ[port].rptr++]);
      |                   ^
../Core/Src/usart.c:406:39: warning: array subscript has type 'char' [-Wchar-subscripts]
  406 |    return(UART_RxQ[port].buff[UART_RxQ[port].rptr++]);
      |                                       ^
../Core/Src/usart.c: In function 'Usart_Init':
../Core/Src/usart.c:514:12: warning: left-hand operand of comma expression has no effect [-Wunused-value]
  514 |      nRPM_L, nRPM_R = 0;
      |            ^
../Core/Src/usart.c: In function 'DataGetFlowProcess':
../Core/Src/usart.c:691:6: warning: implicit declaration of function 'CalcRPM' [-Wimplicit-function-declaration]
  691 |      CalcRPM();
      |      ^~~~~~~
../Core/Src/usart.c:826:11: warning: implicit declaration of function 'SerialToCanSendProcess' [-Wimplicit-function-declaration]
  826 |           SerialToCanSendProcess(ptr->Buf);
      |           ^~~~~~~~~~~~~~~~~~~~~~
../Core/Src/usart.c: In function 'DataSendToMotor':
../Core/Src/usart.c:878:43: warning: pointer targets in passing argument 2 of 'GetCheckSum' differ in signedness [-Wpointer-sign]
  878 |   ucSendData[12] = (char) GetCheckSum(12, ucSendData);
      |                                           ^~~~~~~~~~
      |                                           |
      |                                           unsigned char *
In file included from ../Core/Src/usart.c:21:
../Core/Inc/usart.h:110:43: note: expected 'char *' but argument is of type 'unsigned char *'
  110 | char GetCheckSum(short nPacketSize, char *byArray);
      |                                     ~~~~~~^~~~~~~
../Core/Src/usart.c:884:41: warning: pointer targets in passing argument 2 of 'GetCheckSum' differ in signedness [-Wpointer-sign]
  884 |   ucSendData[8] = (char) GetCheckSum(8, ucSendData);
      |                                         ^~~~~~~~~~
      |                                         |
      |                                         unsigned char *
In file included from ../Core/Src/usart.c:21:
../Core/Inc/usart.h:110:43: note: expected 'char *' but argument is of type 'unsigned char *'
  110 | char GetCheckSum(short nPacketSize, char *byArray);
      |                                     ~~~~~~^~~~~~~
../Core/Src/usart.c: In function 'update_channels':
../Core/Src/usart.c:993:8: warning: implicit declaration of function 'round' [-Wimplicit-function-declaration]
  993 |   fV = round(((channels[1] / 10) - 100) *  (float)(30.0 / 138.0)* 0.1);
      |        ^~~~~
../Core/Src/usart.c:993:8: warning: incompatible implicit declaration of built-in function 'round'
../Core/Src/usart.c:29:1: note: include '<math.h>' or provide a declaration of 'round'
   28 | #include "gpio.h"
  +++ |+#include <math.h>
   29 | 
../Core/Src/usart.c: At top level:
../Core/Src/usart.c:1027:6: warning: conflicting types for 'CalcRPM'
 1027 | void CalcRPM(){
      |      ^~~~~~~
../Core/Src/usart.c:691:6: note: previous implicit declaration of 'CalcRPM' was here
  691 |      CalcRPM();
      |      ^~~~~~~
arm-none-eabi-gcc -o "Ai_Wheel_Chair.elf" @"objects.list"   -mcpu=cortex-m3 -T"D:\Projects\Ai_Wheel_Chair_0A 20230720_105703(Serial 57600)\Ai_Wheel_Chair\STM32F105RBTX_FLASH.ld" --specs=nosys.specs -Wl,-Map="Ai_Wheel_Chair.map" -Wl,--gc-sections -static -u _printf_float --specs=nano.specs -mfloat-abi=soft -mthumb -u _printf_float -Wl,--start-group -lc -lm -Wl,--end-group
Finished building target: Ai_Wheel_Chair.elf
 
arm-none-eabi-size   Ai_Wheel_Chair.elf 
arm-none-eabi-objdump -h -S  Ai_Wheel_Chair.elf  > "Ai_Wheel_Chair.list"
   text	   data	    bss	    dec	    hex	filename
  35912	    516	  24444	  60872	   edc8	Ai_Wheel_Chair.elf
Finished building: default.size.stdout
 
Finished building: Ai_Wheel_Chair.list
 
17:48:51 **** Incremental Build of configuration Debug for project Ai_Wheel_Chair ****
make -j16 all 
arm-none-eabi-gcc "../Core/Src/usart.c" -mcpu=cortex-m3 -std=gnu11 -g3 -DDEBUG -DUSE_HAL_DRIVER -DSTM32F105xC -c -I../Core/Inc -I../Drivers/STM32F1xx_HAL_Driver/Inc -I../Drivers/STM32F1xx_HAL_Driver/Inc/Legacy -I../Drivers/CMSIS/Device/ST/STM32F1xx/Include -I../Drivers/CMSIS/Include -O0 -ffunction-sections -fdata-sections -Wall -fstack-usage -fcyclomatic-complexity -MMD -MP -MF"Core/Src/usart.d" -MT"Core/Src/usart.o" --specs=nano.specs -mfloat-abi=soft -mthumb -o "Core/Src/usart.o"
../Core/Src/usart.c: In function 'Uart_EmptyRxQ':
../Core/Src/usart.c:395:15: warning: array subscript has type 'char' [-Wchar-subscripts]
  395 |    if(UART_RxQ[port].rptr == UART_RxQ[port].wptr)return(1);
      |               ^
../Core/Src/usart.c:395:38: warning: array subscript has type 'char' [-Wchar-subscripts]
  395 |    if(UART_RxQ[port].rptr == UART_RxQ[port].wptr)return(1);
      |                                      ^
../Core/Src/usart.c: In function 'Uart_RxQRead':
../Core/Src/usart.c:404:15: warning: array subscript has type 'char' [-Wchar-subscripts]
  404 |    if(UART_RxQ[port].rptr == UART_MAXQ-1) UART_RxQ[port].rptr = 0;
      |               ^
../Core/Src/usart.c:404:51: warning: array subscript has type 'char' [-Wchar-subscripts]
  404 |    if(UART_RxQ[port].rptr == UART_MAXQ-1) UART_RxQ[port].rptr = 0;
      |                                                   ^
../Core/Src/usart.c:406:19: warning: array subscript has type 'char' [-Wchar-subscripts]
  406 |    return(UART_RxQ[port].buff[UART_RxQ[port].rptr++]);
      |                   ^
../Core/Src/usart.c:406:39: warning: array subscript has type 'char' [-Wchar-subscripts]
  406 |    return(UART_RxQ[port].buff[UART_RxQ[port].rptr++]);
      |                                       ^
../Core/Src/usart.c: In function 'Usart_Init':
../Core/Src/usart.c:514:12: warning: left-hand operand of comma expression has no effect [-Wunused-value]
  514 |      nRPM_L, nRPM_R = 0;
      |            ^
../Core/Src/usart.c: In function 'DataGetFlowProcess':
../Core/Src/usart.c:691:6: warning: implicit declaration of function 'CalcRPM' [-Wimplicit-function-declaration]
  691 |      CalcRPM();
      |      ^~~~~~~
../Core/Src/usart.c:826:11: warning: implicit declaration of function 'SerialToCanSendProcess' [-Wimplicit-function-declaration]
  826 |           SerialToCanSendProcess(ptr->Buf);
      |           ^~~~~~~~~~~~~~~~~~~~~~
../Core/Src/usart.c: In function 'DataSendToMotor':
../Core/Src/usart.c:878:43: warning: pointer targets in passing argument 2 of 'GetCheckSum' differ in signedness [-Wpointer-sign]
  878 |   ucSendData[12] = (char) GetCheckSum(12, ucSendData);
      |                                           ^~~~~~~~~~
      |                                           |
      |                                           unsigned char *
In file included from ../Core/Src/usart.c:21:
../Core/Inc/usart.h:110:43: note: expected 'char *' but argument is of type 'unsigned char *'
  110 | char GetCheckSum(short nPacketSize, char *byArray);
      |                                     ~~~~~~^~~~~~~
../Core/Src/usart.c:884:41: warning: pointer targets in passing argument 2 of 'GetCheckSum' differ in signedness [-Wpointer-sign]
  884 |   ucSendData[8] = (char) GetCheckSum(8, ucSendData);
      |                                         ^~~~~~~~~~
      |                                         |
      |                                         unsigned char *
In file included from ../Core/Src/usart.c:21:
../Core/Inc/usart.h:110:43: note: expected 'char *' but argument is of type 'unsigned char *'
  110 | char GetCheckSum(short nPacketSize, char *byArray);
      |                                     ~~~~~~^~~~~~~
../Core/Src/usart.c: In function 'update_channels':
../Core/Src/usart.c:993:8: warning: implicit declaration of function 'round' [-Wimplicit-function-declaration]
  993 |   fV = round(((channels[1] / 10) - 100) *  (float)(30.0 / 138.0)* 0.1);
      |        ^~~~~
../Core/Src/usart.c:993:8: warning: incompatible implicit declaration of built-in function 'round'
../Core/Src/usart.c:29:1: note: include '<math.h>' or provide a declaration of 'round'
   28 | #include "gpio.h"
  +++ |+#include <math.h>
   29 | 
../Core/Src/usart.c: At top level:
../Core/Src/usart.c:1027:6: warning: conflicting types for 'CalcRPM'
 1027 | void CalcRPM(){
      |      ^~~~~~~
../Core/Src/usart.c:691:6: note: previous implicit declaration of 'CalcRPM' was here
  691 |      CalcRPM();
      |      ^~~~~~~
arm-none-eabi-gcc -o "Ai_Wheel_Chair.elf" @"objects.list"   -mcpu=cortex-m3 -T"D:\Projects\Ai_Wheel_Chair_0A 20230720_105703(Serial 57600)\Ai_Wheel_Chair\STM32F105RBTX_FLASH.ld" --specs=nosys.specs -Wl,-Map="Ai_Wheel_Chair.map" -Wl,--gc-sections -static -u _printf_float --specs=nano.specs -mfloat-abi=soft -mthumb -u _printf_float -Wl,--start-group -lc -lm -Wl,--end-group
Finished building target: Ai_Wheel_Chair.elf
 
arm-none-eabi-size   Ai_Wheel_Chair.elf 
arm-none-eabi-objdump -h -S  Ai_Wheel_Chair.elf  > "Ai_Wheel_Chair.list"
   text	   data	    bss	    dec	    hex	filename
  35896	    516	  24444	  60856	   edb8	Ai_Wheel_Chair.elf
Finished building: default.size.stdout
 
Finished building: Ai_Wheel_Chair.list
 
13:41:16 **** Build of configuration Debug for project Ai_Wheel_Chair ****
make -j16 all 
arm-none-eabi-size   Ai_Wheel_Chair.elf 
   text	   data	    bss	    dec	    hex	filename
  35896	    516	  24444	  60856	   edb8	Ai_Wheel_Chair.elf
Finished building: default.size.stdout
 
13:41:22 **** Incremental Build of configuration Debug for project Ai_Wheel_Chair ****
make -j16 all 
arm-none-eabi-size   Ai_Wheel_Chair.elf 
   text	   data	    bss	    dec	    hex	filename
  35896	    516	  24444	  60856	   edb8	Ai_Wheel_Chair.elf
Finished building: default.size.stdout
 
13:52:38 **** Incremental Build of configuration Debug for project Ai_Wheel_Chair ****
make -j16 all 
arm-none-eabi-size   Ai_Wheel_Chair.elf 
   text	   data	    bss	    dec	    hex	filename
  35896	    516	  24444	  60856	   edb8	Ai_Wheel_Chair.elf
Finished building: default.size.stdout
 
13:52:59 **** Incremental Build of configuration Debug for project Ai_Wheel_Chair ****
make -j16 all 
arm-none-eabi-size   Ai_Wheel_Chair.elf 
   text	   data	    bss	    dec	    hex	filename
  35896	    516	  24444	  60856	   edb8	Ai_Wheel_Chair.elf
Finished building: default.size.stdout
 
13:53:33 **** Incremental Build of configuration Debug for project Ai_Wheel_Chair ****
make -j16 all 
arm-none-eabi-size   Ai_Wheel_Chair.elf 
   text	   data	    bss	    dec	    hex	filename
  35896	    516	  24444	  60856	   edb8	Ai_Wheel_Chair.elf
Finished building: default.size.stdout
 
13:53:43 **** Incremental Build of configuration Debug for project Ai_Wheel_Chair ****
make -j16 all 
arm-none-eabi-size   Ai_Wheel_Chair.elf 
   text	   data	    bss	    dec	    hex	filename
  35896	    516	  24444	  60856	   edb8	Ai_Wheel_Chair.elf
Finished building: default.size.stdout
 
13:54:20 **** Incremental Build of configuration Debug for project Ai_Wheel_Chair ****
make -j16 all 
arm-none-eabi-size   Ai_Wheel_Chair.elf 
   text	   data	    bss	    dec	    hex	filename
  35896	    516	  24444	  60856	   edb8	Ai_Wheel_Chair.elf
Finished building: default.size.stdout
 
13:55:06 **** Incremental Build of configuration Debug for project Ai_Wheel_Chair ****
make -j16 all 
arm-none-eabi-size   Ai_Wheel_Chair.elf 
   text	   data	    bss	    dec	    hex	filename
  35896	    516	  24444	  60856	   edb8	Ai_Wheel_Chair.elf
Finished building: default.size.stdout
 
13:55:53 **** Incremental Build of configuration Debug for project Ai_Wheel_Chair ****
make -j16 all 
arm-none-eabi-size   Ai_Wheel_Chair.elf 
   text	   data	    bss	    dec	    hex	filename
  35896	    516	  24444	  60856	   edb8	Ai_Wheel_Chair.elf
Finished building: default.size.stdout
 
13:56:10 **** Incremental Build of configuration Debug for project Ai_Wheel_Chair ****
make -j16 all 
arm-none-eabi-size   Ai_Wheel_Chair.elf 
   text	   data	    bss	    dec	    hex	filename
  35896	    516	  24444	  60856	   edb8	Ai_Wheel_Chair.elf
Finished building: default.size.stdout
 
14:09:10 **** Incremental Build of configuration Debug for project Ai_Wheel_Chair ****
make -j16 all 
arm-none-eabi-gcc "../Drivers/STM32F1xx_HAL_Driver/Src/stm32f1xx_hal_cortex.c" -mcpu=cortex-m3 -std=gnu11 -g3 -DDEBUG -DUSE_HAL_DRIVER -DSTM32F105xC -c -I../Core/Inc -I../Drivers/STM32F1xx_HAL_Driver/Inc -I../Drivers/STM32F1xx_HAL_Driver/Inc/Legacy -I../Drivers/CMSIS/Device/ST/STM32F1xx/Include -I../Drivers/CMSIS/Include -O0 -ffunction-sections -fdata-sections -Wall -fstack-usage -fcyclomatic-complexity -MMD -MP -MF"Drivers/STM32F1xx_HAL_Driver/Src/stm32f1xx_hal_cortex.d" -MT"Drivers/STM32F1xx_HAL_Driver/Src/stm32f1xx_hal_cortex.o" --specs=nano.specs -mfloat-abi=soft -mthumb -o "Drivers/STM32F1xx_HAL_Driver/Src/stm32f1xx_hal_cortex.o"
arm-none-eabi-gcc "../Core/Src/usart.c" -mcpu=cortex-m3 -std=gnu11 -g3 -DDEBUG -DUSE_HAL_DRIVER -DSTM32F105xC -c -I../Core/Inc -I../Drivers/STM32F1xx_HAL_Driver/Inc -I../Drivers/STM32F1xx_HAL_Driver/Inc/Legacy -I../Drivers/CMSIS/Device/ST/STM32F1xx/Include -I../Drivers/CMSIS/Include -O0 -ffunction-sections -fdata-sections -Wall -fstack-usage -fcyclomatic-complexity -MMD -MP -MF"Core/Src/usart.d" -MT"Core/Src/usart.o" --specs=nano.specs -mfloat-abi=soft -mthumb -o "Core/Src/usart.o"
../Core/Src/usart.c: In function 'Uart_EmptyRxQ':
../Core/Src/usart.c:395:15: warning: array subscript has type 'char' [-Wchar-subscripts]
  395 |    if(UART_RxQ[port].rptr == UART_RxQ[port].wptr)return(1);
      |               ^
../Core/Src/usart.c:395:38: warning: array subscript has type 'char' [-Wchar-subscripts]
  395 |    if(UART_RxQ[port].rptr == UART_RxQ[port].wptr)return(1);
      |                                      ^
../Core/Src/usart.c: In function 'Uart_RxQRead':
../Core/Src/usart.c:404:15: warning: array subscript has type 'char' [-Wchar-subscripts]
  404 |    if(UART_RxQ[port].rptr == UART_MAXQ-1) UART_RxQ[port].rptr = 0;
      |               ^
../Core/Src/usart.c:404:51: warning: array subscript has type 'char' [-Wchar-subscripts]
  404 |    if(UART_RxQ[port].rptr == UART_MAXQ-1) UART_RxQ[port].rptr = 0;
      |                                                   ^
../Core/Src/usart.c:406:19: warning: array subscript has type 'char' [-Wchar-subscripts]
  406 |    return(UART_RxQ[port].buff[UART_RxQ[port].rptr++]);
      |                   ^
../Core/Src/usart.c:406:39: warning: array subscript has type 'char' [-Wchar-subscripts]
  406 |    return(UART_RxQ[port].buff[UART_RxQ[port].rptr++]);
      |                                       ^
../Core/Src/usart.c: In function 'Usart_Init':
../Core/Src/usart.c:514:12: warning: left-hand operand of comma expression has no effect [-Wunused-value]
  514 |      nRPM_L, nRPM_R = 0;
      |            ^
../Core/Src/usart.c: In function 'DataGetFlowProcess':
../Core/Src/usart.c:691:6: warning: implicit declaration of function 'CalcRPM' [-Wimplicit-function-declaration]
  691 |      CalcRPM();
      |      ^~~~~~~
../Core/Src/usart.c:827:11: warning: implicit declaration of function 'SerialToCanSendProcess' [-Wimplicit-function-declaration]
  827 |           SerialToCanSendProcess(ptr->Buf);
      |           ^~~~~~~~~~~~~~~~~~~~~~
../Core/Src/usart.c: In function 'DataSendToMotor':
../Core/Src/usart.c:880:43: warning: pointer targets in passing argument 2 of 'GetCheckSum' differ in signedness [-Wpointer-sign]
  880 |   ucSendData[12] = (char) GetCheckSum(12, ucSendData);
      |                                           ^~~~~~~~~~
      |                                           |
      |                                           unsigned char *
In file included from ../Core/Src/usart.c:21:
../Core/Inc/usart.h:110:43: note: expected 'char *' but argument is of type 'unsigned char *'
  110 | char GetCheckSum(short nPacketSize, char *byArray);
      |                                     ~~~~~~^~~~~~~
../Core/Src/usart.c:886:41: warning: pointer targets in passing argument 2 of 'GetCheckSum' differ in signedness [-Wpointer-sign]
  886 |   ucSendData[8] = (char) GetCheckSum(8, ucSendData);
      |                                         ^~~~~~~~~~
      |                                         |
      |                                         unsigned char *
In file included from ../Core/Src/usart.c:21:
../Core/Inc/usart.h:110:43: note: expected 'char *' but argument is of type 'unsigned char *'
  110 | char GetCheckSum(short nPacketSize, char *byArray);
      |                                     ~~~~~~^~~~~~~
../Core/Src/usart.c: In function 'update_channels':
../Core/Src/usart.c:995:8: warning: implicit declaration of function 'round' [-Wimplicit-function-declaration]
  995 |   fV = round(((channels[1] / 10) - 100) *  (float)(30.0 / 138.0)* 0.1);
      |        ^~~~~
../Core/Src/usart.c:995:8: warning: incompatible implicit declaration of built-in function 'round'
../Core/Src/usart.c:29:1: note: include '<math.h>' or provide a declaration of 'round'
   28 | #include "gpio.h"
  +++ |+#include <math.h>
   29 | 
../Core/Src/usart.c: At top level:
../Core/Src/usart.c:1029:6: warning: conflicting types for 'CalcRPM'
 1029 | void CalcRPM(){
      |      ^~~~~~~
../Core/Src/usart.c:691:6: note: previous implicit declaration of 'CalcRPM' was here
  691 |      CalcRPM();
      |      ^~~~~~~
arm-none-eabi-gcc -o "Ai_Wheel_Chair.elf" @"objects.list"   -mcpu=cortex-m3 -T"D:\Projects\Ai_Wheel_Chair_0A 20230720_105703(Serial 57600)\Ai_Wheel_Chair\STM32F105RBTX_FLASH.ld" --specs=nosys.specs -Wl,-Map="Ai_Wheel_Chair.map" -Wl,--gc-sections -static -u _printf_float --specs=nano.specs -mfloat-abi=soft -mthumb -u _printf_float -Wl,--start-group -lc -lm -Wl,--end-group
Finished building target: Ai_Wheel_Chair.elf
 
arm-none-eabi-size   Ai_Wheel_Chair.elf 
arm-none-eabi-objdump -h -S  Ai_Wheel_Chair.elf  > "Ai_Wheel_Chair.list"
   text	   data	    bss	    dec	    hex	filename
  35896	    516	  24444	  60856	   edb8	Ai_Wheel_Chair.elf
Finished building: default.size.stdout
 
Finished building: Ai_Wheel_Chair.list
 
14:09:20 **** Incremental Build of configuration Debug for project Ai_Wheel_Chair ****
make -j16 all 
arm-none-eabi-size   Ai_Wheel_Chair.elf 
   text	   data	    bss	    dec	    hex	filename
  35896	    516	  24444	  60856	   edb8	Ai_Wheel_Chair.elf
Finished building: default.size.stdout
 
14:09:30 **** Incremental Build of configuration Debug for project Ai_Wheel_Chair ****
make -j16 all 
arm-none-eabi-size   Ai_Wheel_Chair.elf 
   text	   data	    bss	    dec	    hex	filename
  35896	    516	  24444	  60856	   edb8	Ai_Wheel_Chair.elf
Finished building: default.size.stdout
 
14:10:23 **** Incremental Build of configuration Debug for project Ai_Wheel_Chair ****
make -j16 all 
arm-none-eabi-size   Ai_Wheel_Chair.elf 
   text	   data	    bss	    dec	    hex	filename
  35896	    516	  24444	  60856	   edb8	Ai_Wheel_Chair.elf
Finished building: default.size.stdout
 
14:11:14 **** Incremental Build of configuration Debug for project Ai_Wheel_Chair ****
make -j16 all 
arm-none-eabi-size   Ai_Wheel_Chair.elf 
   text	   data	    bss	    dec	    hex	filename
  35896	    516	  24444	  60856	   edb8	Ai_Wheel_Chair.elf
Finished building: default.size.stdout
 
14:11:21 **** Incremental Build of configuration Debug for project Ai_Wheel_Chair ****
make -j16 all 
arm-none-eabi-size   Ai_Wheel_Chair.elf 
   text	   data	    bss	    dec	    hex	filename
  35896	    516	  24444	  60856	   edb8	Ai_Wheel_Chair.elf
Finished building: default.size.stdout
 
14:13:10 **** Incremental Build of configuration Debug for project Ai_Wheel_Chair ****
make -j16 all 
arm-none-eabi-size   Ai_Wheel_Chair.elf 
   text	   data	    bss	    dec	    hex	filename
  35896	    516	  24444	  60856	   edb8	Ai_Wheel_Chair.elf
Finished building: default.size.stdout
 
14:13:39 **** Incremental Build of configuration Debug for project Ai_Wheel_Chair ****
make -j16 all 
arm-none-eabi-size   Ai_Wheel_Chair.elf 
   text	   data	    bss	    dec	    hex	filename
  35896	    516	  24444	  60856	   edb8	Ai_Wheel_Chair.elf
Finished building: default.size.stdout
 
14:14:08 **** Incremental Build of configuration Debug for project Ai_Wheel_Chair ****
make -j16 all 
arm-none-eabi-size   Ai_Wheel_Chair.elf 
   text	   data	    bss	    dec	    hex	filename
  35896	    516	  24444	  60856	   edb8	Ai_Wheel_Chair.elf
Finished building: default.size.stdout
 
14:14:49 **** Incremental Build of configuration Debug for project Ai_Wheel_Chair ****
make -j16 all 
arm-none-eabi-size   Ai_Wheel_Chair.elf 
   text	   data	    bss	    dec	    hex	filename
  35896	    516	  24444	  60856	   edb8	Ai_Wheel_Chair.elf
Finished building: default.size.stdout
 
14:15:16 **** Incremental Build of configuration Debug for project Ai_Wheel_Chair ****
make -j16 all 
arm-none-eabi-size   Ai_Wheel_Chair.elf 
   text	   data	    bss	    dec	    hex	filename
  35896	    516	  24444	  60856	   edb8	Ai_Wheel_Chair.elf
Finished building: default.size.stdout
 
14:17:50 **** Incremental Build of configuration Debug for project Ai_Wheel_Chair ****
make -j16 all 
arm-none-eabi-size   Ai_Wheel_Chair.elf 
   text	   data	    bss	    dec	    hex	filename
  35896	    516	  24444	  60856	   edb8	Ai_Wheel_Chair.elf
Finished building: default.size.stdout
 
14:18:03 **** Incremental Build of configuration Debug for project Ai_Wheel_Chair ****
make -j16 all 
arm-none-eabi-size   Ai_Wheel_Chair.elf 
   text	   data	    bss	    dec	    hex	filename
  35896	    516	  24444	  60856	   edb8	Ai_Wheel_Chair.elf
Finished building: default.size.stdout
 
13:50:21 **** Build of configuration Debug for project Ai_Wheel_Chair ****
make -j16 all 
arm-none-eabi-gcc "../Core/Src/usart.c" -mcpu=cortex-m3 -std=gnu11 -g3 -DDEBUG -DUSE_HAL_DRIVER -DSTM32F105xC -c -I../Core/Inc -I../Drivers/STM32F1xx_HAL_Driver/Inc -I../Drivers/STM32F1xx_HAL_Driver/Inc/Legacy -I../Drivers/CMSIS/Device/ST/STM32F1xx/Include -I../Drivers/CMSIS/Include -O0 -ffunction-sections -fdata-sections -Wall -fstack-usage -fcyclomatic-complexity -MMD -MP -MF"Core/Src/usart.d" -MT"Core/Src/usart.o" --specs=nano.specs -mfloat-abi=soft -mthumb -o "Core/Src/usart.o"
../Core/Src/usart.c: In function 'Uart_EmptyRxQ':
../Core/Src/usart.c:408:15: warning: array subscript has type 'char' [-Wchar-subscripts]
  408 |    if(UART_RxQ[port].rptr == UART_RxQ[port].wptr)return(1);
      |               ^
../Core/Src/usart.c:408:38: warning: array subscript has type 'char' [-Wchar-subscripts]
  408 |    if(UART_RxQ[port].rptr == UART_RxQ[port].wptr)return(1);
      |                                      ^
../Core/Src/usart.c: In function 'Uart_RxQRead':
../Core/Src/usart.c:417:15: warning: array subscript has type 'char' [-Wchar-subscripts]
  417 |    if(UART_RxQ[port].rptr == UART_MAXQ-1) UART_RxQ[port].rptr = 0;
      |               ^
../Core/Src/usart.c:417:51: warning: array subscript has type 'char' [-Wchar-subscripts]
  417 |    if(UART_RxQ[port].rptr == UART_MAXQ-1) UART_RxQ[port].rptr = 0;
      |                                                   ^
../Core/Src/usart.c:419:19: warning: array subscript has type 'char' [-Wchar-subscripts]
  419 |    return(UART_RxQ[port].buff[UART_RxQ[port].rptr++]);
      |                   ^
../Core/Src/usart.c:419:39: warning: array subscript has type 'char' [-Wchar-subscripts]
  419 |    return(UART_RxQ[port].buff[UART_RxQ[port].rptr++]);
      |                                       ^
../Core/Src/usart.c: In function 'Usart_Init':
../Core/Src/usart.c:527:12: warning: left-hand operand of comma expression has no effect [-Wunused-value]
  527 |      nRPM_L, nRPM_R = 0;
      |            ^
../Core/Src/usart.c: In function 'DataGetFlowProcess':
../Core/Src/usart.c:709:6: warning: implicit declaration of function 'CursorPosition' [-Wimplicit-function-declaration]
  709 |      CursorPosition(0,0);
      |      ^~~~~~~~~~~~~~
../Core/Src/usart.c:849:11: warning: implicit declaration of function 'SerialToCanSendProcess' [-Wimplicit-function-declaration]
  849 |           SerialToCanSendProcess(ptr->Buf);
      |           ^~~~~~~~~~~~~~~~~~~~~~
../Core/Src/usart.c: In function 'DataSendToMotor':
../Core/Src/usart.c:902:43: warning: pointer targets in passing argument 2 of 'GetCheckSum' differ in signedness [-Wpointer-sign]
  902 |   ucSendData[12] = (char) GetCheckSum(12, ucSendData);
      |                                           ^~~~~~~~~~
      |                                           |
      |                                           unsigned char *
In file included from ../Core/Src/usart.c:21:
../Core/Inc/usart.h:110:43: note: expected 'char *' but argument is of type 'unsigned char *'
  110 | char GetCheckSum(short nPacketSize, char *byArray);
      |                                     ~~~~~~^~~~~~~
../Core/Src/usart.c:908:41: warning: pointer targets in passing argument 2 of 'GetCheckSum' differ in signedness [-Wpointer-sign]
  908 |   ucSendData[8] = (char) GetCheckSum(8, ucSendData);
      |                                         ^~~~~~~~~~
      |                                         |
      |                                         unsigned char *
In file included from ../Core/Src/usart.c:21:
../Core/Inc/usart.h:110:43: note: expected 'char *' but argument is of type 'unsigned char *'
  110 | char GetCheckSum(short nPacketSize, char *byArray);
      |                                     ~~~~~~^~~~~~~
../Core/Src/usart.c: In function 'update_channels':
../Core/Src/usart.c:1017:8: warning: implicit declaration of function 'round' [-Wimplicit-function-declaration]
 1017 |   fV = round(((channels[1] / 10) - 100) *  (float)(30.0 / 138.0)* 0.1);
      |        ^~~~~
../Core/Src/usart.c:1017:8: warning: incompatible implicit declaration of built-in function 'round'
../Core/Src/usart.c:29:1: note: include '<math.h>' or provide a declaration of 'round'
   28 | #include "gpio.h"
  +++ |+#include <math.h>
   29 | 
../Core/Src/usart.c: At top level:
../Core/Src/usart.c:1087:6: warning: conflicting types for 'CursorPosition'
 1087 | void CursorPosition(int x,int y)
      |      ^~~~~~~~~~~~~~
../Core/Src/usart.c:709:6: note: previous implicit declaration of 'CursorPosition' was here
  709 |      CursorPosition(0,0);
      |      ^~~~~~~~~~~~~~
arm-none-eabi-gcc -o "Ai_Wheel_Chair.elf" @"objects.list"   -mcpu=cortex-m3 -T"D:\Projects\Ai_Wheel_Chair_0A 20230824(Velocity Calc)\Ai_Wheel_Chair\STM32F105RBTX_FLASH.ld" --specs=nosys.specs -Wl,-Map="Ai_Wheel_Chair.map" -Wl,--gc-sections -static -u _printf_float --specs=nano.specs -mfloat-abi=soft -mthumb -u _printf_float -Wl,--start-group -lc -lm -Wl,--end-group
Finished building target: Ai_Wheel_Chair.elf
 
arm-none-eabi-size   Ai_Wheel_Chair.elf 
arm-none-eabi-objdump -h -S  Ai_Wheel_Chair.elf  > "Ai_Wheel_Chair.list"
   text	   data	    bss	    dec	    hex	filename
  37488	    536	  24440	  62464	   f400	Ai_Wheel_Chair.elf
Finished building: default.size.stdout
 
Finished building: Ai_Wheel_Chair.list
 
13:52:07 **** Incremental Build of configuration Debug for project Ai_Wheel_Chair ****
make -j16 all 
arm-none-eabi-size   Ai_Wheel_Chair.elf 
   text	   data	    bss	    dec	    hex	filename
  37488	    536	  24440	  62464	   f400	Ai_Wheel_Chair.elf
Finished building: default.size.stdout
 
13:52:37 **** Incremental Build of configuration Debug for project Ai_Wheel_Chair ****
make -j16 all 
arm-none-eabi-size   Ai_Wheel_Chair.elf 
   text	   data	    bss	    dec	    hex	filename
  37488	    536	  24440	  62464	   f400	Ai_Wheel_Chair.elf
Finished building: default.size.stdout
 
13:53:18 **** Incremental Build of configuration Debug for project Ai_Wheel_Chair ****
make -j16 all 
arm-none-eabi-size   Ai_Wheel_Chair.elf 
   text	   data	    bss	    dec	    hex	filename
  37488	    536	  24440	  62464	   f400	Ai_Wheel_Chair.elf
Finished building: default.size.stdout
 
14:02:23 **** Incremental Build of configuration Debug for project Ai_Wheel_Chair ****
make -j16 all 
arm-none-eabi-gcc "../Core/Src/usart.c" -mcpu=cortex-m3 -std=gnu11 -g3 -DDEBUG -DUSE_HAL_DRIVER -DSTM32F105xC -c -I../Core/Inc -I../Drivers/STM32F1xx_HAL_Driver/Inc -I../Drivers/STM32F1xx_HAL_Driver/Inc/Legacy -I../Drivers/CMSIS/Device/ST/STM32F1xx/Include -I../Drivers/CMSIS/Include -O0 -ffunction-sections -fdata-sections -Wall -fstack-usage -fcyclomatic-complexity -MMD -MP -MF"Core/Src/usart.d" -MT"Core/Src/usart.o" --specs=nano.specs -mfloat-abi=soft -mthumb -o "Core/Src/usart.o"
../Core/Src/usart.c: In function 'Uart_EmptyRxQ':
../Core/Src/usart.c:408:15: warning: array subscript has type 'char' [-Wchar-subscripts]
  408 |    if(UART_RxQ[port].rptr == UART_RxQ[port].wptr)return(1);
      |               ^
../Core/Src/usart.c:408:38: warning: array subscript has type 'char' [-Wchar-subscripts]
  408 |    if(UART_RxQ[port].rptr == UART_RxQ[port].wptr)return(1);
      |                                      ^
../Core/Src/usart.c: In function 'Uart_RxQRead':
../Core/Src/usart.c:417:15: warning: array subscript has type 'char' [-Wchar-subscripts]
  417 |    if(UART_RxQ[port].rptr == UART_MAXQ-1) UART_RxQ[port].rptr = 0;
      |               ^
../Core/Src/usart.c:417:51: warning: array subscript has type 'char' [-Wchar-subscripts]
  417 |    if(UART_RxQ[port].rptr == UART_MAXQ-1) UART_RxQ[port].rptr = 0;
      |                                                   ^
../Core/Src/usart.c:419:19: warning: array subscript has type 'char' [-Wchar-subscripts]
  419 |    return(UART_RxQ[port].buff[UART_RxQ[port].rptr++]);
      |                   ^
../Core/Src/usart.c:419:39: warning: array subscript has type 'char' [-Wchar-subscripts]
  419 |    return(UART_RxQ[port].buff[UART_RxQ[port].rptr++]);
      |                                       ^
../Core/Src/usart.c: In function 'Usart_Init':
../Core/Src/usart.c:527:12: warning: left-hand operand of comma expression has no effect [-Wunused-value]
  527 |      nRPM_L, nRPM_R = 0;
      |            ^
../Core/Src/usart.c: In function 'DataGetFlowProcess':
../Core/Src/usart.c:709:6: warning: implicit declaration of function 'CursorPosition' [-Wimplicit-function-declaration]
  709 |      CursorPosition(0,0);
      |      ^~~~~~~~~~~~~~
../Core/Src/usart.c:849:11: warning: implicit declaration of function 'SerialToCanSendProcess' [-Wimplicit-function-declaration]
  849 |           SerialToCanSendProcess(ptr->Buf);
      |           ^~~~~~~~~~~~~~~~~~~~~~
../Core/Src/usart.c: In function 'DataSendToMotor':
../Core/Src/usart.c:902:43: warning: pointer targets in passing argument 2 of 'GetCheckSum' differ in signedness [-Wpointer-sign]
  902 |   ucSendData[12] = (char) GetCheckSum(12, ucSendData);
      |                                           ^~~~~~~~~~
      |                                           |
      |                                           unsigned char *
In file included from ../Core/Src/usart.c:21:
../Core/Inc/usart.h:110:43: note: expected 'char *' but argument is of type 'unsigned char *'
  110 | char GetCheckSum(short nPacketSize, char *byArray);
      |                                     ~~~~~~^~~~~~~
../Core/Src/usart.c:908:41: warning: pointer targets in passing argument 2 of 'GetCheckSum' differ in signedness [-Wpointer-sign]
  908 |   ucSendData[8] = (char) GetCheckSum(8, ucSendData);
      |                                         ^~~~~~~~~~
      |                                         |
      |                                         unsigned char *
In file included from ../Core/Src/usart.c:21:
../Core/Inc/usart.h:110:43: note: expected 'char *' but argument is of type 'unsigned char *'
  110 | char GetCheckSum(short nPacketSize, char *byArray);
      |                                     ~~~~~~^~~~~~~
../Core/Src/usart.c: In function 'update_channels':
../Core/Src/usart.c:1017:8: warning: implicit declaration of function 'round' [-Wimplicit-function-declaration]
 1017 |   fV = round(((channels[1] / 10) - 100) *  (float)(30.0 / 138.0)* 0.1);
      |        ^~~~~
../Core/Src/usart.c:1017:8: warning: incompatible implicit declaration of built-in function 'round'
../Core/Src/usart.c:29:1: note: include '<math.h>' or provide a declaration of 'round'
   28 | #include "gpio.h"
  +++ |+#include <math.h>
   29 | 
../Core/Src/usart.c: At top level:
../Core/Src/usart.c:1087:6: warning: conflicting types for 'CursorPosition'
 1087 | void CursorPosition(int x,int y)
      |      ^~~~~~~~~~~~~~
../Core/Src/usart.c:709:6: note: previous implicit declaration of 'CursorPosition' was here
  709 |      CursorPosition(0,0);
      |      ^~~~~~~~~~~~~~
arm-none-eabi-gcc -o "Ai_Wheel_Chair.elf" @"objects.list"   -mcpu=cortex-m3 -T"D:\Projects\Ai_Wheel_Chair_0A 20230824(Velocity Calc)\Ai_Wheel_Chair\STM32F105RBTX_FLASH.ld" --specs=nosys.specs -Wl,-Map="Ai_Wheel_Chair.map" -Wl,--gc-sections -static -u _printf_float --specs=nano.specs -mfloat-abi=soft -mthumb -u _printf_float -Wl,--start-group -lc -lm -Wl,--end-group
Finished building target: Ai_Wheel_Chair.elf
 
arm-none-eabi-size   Ai_Wheel_Chair.elf 
arm-none-eabi-objdump -h -S  Ai_Wheel_Chair.elf  > "Ai_Wheel_Chair.list"
   text	   data	    bss	    dec	    hex	filename
  37488	    536	  24440	  62464	   f400	Ai_Wheel_Chair.elf
Finished building: default.size.stdout
 
Finished building: Ai_Wheel_Chair.list
 
14:03:52 **** Incremental Build of configuration Debug for project Ai_Wheel_Chair ****
make -j16 all 
arm-none-eabi-size   Ai_Wheel_Chair.elf 
   text	   data	    bss	    dec	    hex	filename
  37488	    536	  24440	  62464	   f400	Ai_Wheel_Chair.elf
Finished building: default.size.stdout
 
14:26:55 **** Incremental Build of configuration Debug for project Ai_Wheel_Chair ****
make -j16 all 
arm-none-eabi-gcc "../Core/Src/usart.c" -mcpu=cortex-m3 -std=gnu11 -g3 -DDEBUG -DUSE_HAL_DRIVER -DSTM32F105xC -c -I../Core/Inc -I../Drivers/STM32F1xx_HAL_Driver/Inc -I../Drivers/STM32F1xx_HAL_Driver/Inc/Legacy -I../Drivers/CMSIS/Device/ST/STM32F1xx/Include -I../Drivers/CMSIS/Include -O0 -ffunction-sections -fdata-sections -Wall -fstack-usage -fcyclomatic-complexity -MMD -MP -MF"Core/Src/usart.d" -MT"Core/Src/usart.o" --specs=nano.specs -mfloat-abi=soft -mthumb -o "Core/Src/usart.o"
../Core/Src/usart.c: In function 'Uart_EmptyRxQ':
../Core/Src/usart.c:408:15: warning: array subscript has type 'char' [-Wchar-subscripts]
  408 |    if(UART_RxQ[port].rptr == UART_RxQ[port].wptr)return(1);
      |               ^
../Core/Src/usart.c:408:38: warning: array subscript has type 'char' [-Wchar-subscripts]
  408 |    if(UART_RxQ[port].rptr == UART_RxQ[port].wptr)return(1);
      |                                      ^
../Core/Src/usart.c: In function 'Uart_RxQRead':
../Core/Src/usart.c:417:15: warning: array subscript has type 'char' [-Wchar-subscripts]
  417 |    if(UART_RxQ[port].rptr == UART_MAXQ-1) UART_RxQ[port].rptr = 0;
      |               ^
../Core/Src/usart.c:417:51: warning: array subscript has type 'char' [-Wchar-subscripts]
  417 |    if(UART_RxQ[port].rptr == UART_MAXQ-1) UART_RxQ[port].rptr = 0;
      |                                                   ^
../Core/Src/usart.c:419:19: warning: array subscript has type 'char' [-Wchar-subscripts]
  419 |    return(UART_RxQ[port].buff[UART_RxQ[port].rptr++]);
      |                   ^
../Core/Src/usart.c:419:39: warning: array subscript has type 'char' [-Wchar-subscripts]
  419 |    return(UART_RxQ[port].buff[UART_RxQ[port].rptr++]);
      |                                       ^
../Core/Src/usart.c: In function 'Usart_Init':
../Core/Src/usart.c:527:12: warning: left-hand operand of comma expression has no effect [-Wunused-value]
  527 |      nRPM_L, nRPM_R = 0;
      |            ^
../Core/Src/usart.c: In function 'DataGetFlowProcess':
../Core/Src/usart.c:709:6: warning: implicit declaration of function 'CursorPosition' [-Wimplicit-function-declaration]
  709 |      CursorPosition(0,0);
      |      ^~~~~~~~~~~~~~
../Core/Src/usart.c:849:11: warning: implicit declaration of function 'SerialToCanSendProcess' [-Wimplicit-function-declaration]
  849 |           SerialToCanSendProcess(ptr->Buf);
      |           ^~~~~~~~~~~~~~~~~~~~~~
../Core/Src/usart.c: In function 'DataSendToMotor':
../Core/Src/usart.c:902:43: warning: pointer targets in passing argument 2 of 'GetCheckSum' differ in signedness [-Wpointer-sign]
  902 |   ucSendData[12] = (char) GetCheckSum(12, ucSendData);
      |                                           ^~~~~~~~~~
      |                                           |
      |                                           unsigned char *
In file included from ../Core/Src/usart.c:21:
../Core/Inc/usart.h:110:43: note: expected 'char *' but argument is of type 'unsigned char *'
  110 | char GetCheckSum(short nPacketSize, char *byArray);
      |                                     ~~~~~~^~~~~~~
../Core/Src/usart.c:908:41: warning: pointer targets in passing argument 2 of 'GetCheckSum' differ in signedness [-Wpointer-sign]
  908 |   ucSendData[8] = (char) GetCheckSum(8, ucSendData);
      |                                         ^~~~~~~~~~
      |                                         |
      |                                         unsigned char *
In file included from ../Core/Src/usart.c:21:
../Core/Inc/usart.h:110:43: note: expected 'char *' but argument is of type 'unsigned char *'
  110 | char GetCheckSum(short nPacketSize, char *byArray);
      |                                     ~~~~~~^~~~~~~
../Core/Src/usart.c: In function 'update_channels':
../Core/Src/usart.c:1017:8: warning: implicit declaration of function 'round' [-Wimplicit-function-declaration]
 1017 |   fV = round(((channels[1] / 10) - 100) *  (float)(30.0 / 138.0)* 0.1);
      |        ^~~~~
../Core/Src/usart.c:1017:8: warning: incompatible implicit declaration of built-in function 'round'
../Core/Src/usart.c:29:1: note: include '<math.h>' or provide a declaration of 'round'
   28 | #include "gpio.h"
  +++ |+#include <math.h>
   29 | 
../Core/Src/usart.c: At top level:
../Core/Src/usart.c:1087:6: warning: conflicting types for 'CursorPosition'
 1087 | void CursorPosition(int x,int y)
      |      ^~~~~~~~~~~~~~
../Core/Src/usart.c:709:6: note: previous implicit declaration of 'CursorPosition' was here
  709 |      CursorPosition(0,0);
      |      ^~~~~~~~~~~~~~
arm-none-eabi-gcc -o "Ai_Wheel_Chair.elf" @"objects.list"   -mcpu=cortex-m3 -T"D:\Projects\Ai_Wheel_Chair_0A 20230824(Velocity Calc)\Ai_Wheel_Chair\STM32F105RBTX_FLASH.ld" --specs=nosys.specs -Wl,-Map="Ai_Wheel_Chair.map" -Wl,--gc-sections -static -u _printf_float --specs=nano.specs -mfloat-abi=soft -mthumb -u _printf_float -Wl,--start-group -lc -lm -Wl,--end-group
Finished building target: Ai_Wheel_Chair.elf
 
arm-none-eabi-size   Ai_Wheel_Chair.elf 
arm-none-eabi-objdump -h -S  Ai_Wheel_Chair.elf  > "Ai_Wheel_Chair.list"
   text	   data	    bss	    dec	    hex	filename
  37432	    536	  24440	  62408	   f3c8	Ai_Wheel_Chair.elf
Finished building: default.size.stdout
 
Finished building: Ai_Wheel_Chair.list
 
14:27:09 **** Incremental Build of configuration Debug for project Ai_Wheel_Chair ****
make -j16 all 
arm-none-eabi-size   Ai_Wheel_Chair.elf 
   text	   data	    bss	    dec	    hex	filename
  37432	    536	  24440	  62408	   f3c8	Ai_Wheel_Chair.elf
Finished building: default.size.stdout
 
14:30:37 **** Incremental Build of configuration Debug for project Ai_Wheel_Chair ****
make -j16 all 
arm-none-eabi-size   Ai_Wheel_Chair.elf 
   text	   data	    bss	    dec	    hex	filename
  37432	    536	  24440	  62408	   f3c8	Ai_Wheel_Chair.elf
Finished building: default.size.stdout
 
14:30:45 **** Incremental Build of configuration Debug for project Ai_Wheel_Chair ****
make -j16 all 
arm-none-eabi-size   Ai_Wheel_Chair.elf 
   text	   data	    bss	    dec	    hex	filename
  37432	    536	  24440	  62408	   f3c8	Ai_Wheel_Chair.elf
Finished building: default.size.stdout
 
13:33:02 **** Incremental Build of configuration Debug for project Ai_Wheel_Chair ****
make -j16 all 
arm-none-eabi-gcc "../Core/Src/usart.c" -mcpu=cortex-m3 -std=gnu11 -g3 -DDEBUG -DUSE_HAL_DRIVER -DSTM32F105xC -c -I../Core/Inc -I../Drivers/STM32F1xx_HAL_Driver/Inc -I../Drivers/STM32F1xx_HAL_Driver/Inc/Legacy -I../Drivers/CMSIS/Device/ST/STM32F1xx/Include -I../Drivers/CMSIS/Include -O0 -ffunction-sections -fdata-sections -Wall -fstack-usage -fcyclomatic-complexity -MMD -MP -MF"Core/Src/usart.d" -MT"Core/Src/usart.o" --specs=nano.specs -mfloat-abi=soft -mthumb -o "Core/Src/usart.o"
../Core/Src/usart.c: In function 'Uart_EmptyRxQ':
../Core/Src/usart.c:408:15: warning: array subscript has type 'char' [-Wchar-subscripts]
  408 |    if(UART_RxQ[port].rptr == UART_RxQ[port].wptr)return(1);
      |               ^
../Core/Src/usart.c:408:38: warning: array subscript has type 'char' [-Wchar-subscripts]
  408 |    if(UART_RxQ[port].rptr == UART_RxQ[port].wptr)return(1);
      |                                      ^
../Core/Src/usart.c: In function 'Uart_RxQRead':
../Core/Src/usart.c:417:15: warning: array subscript has type 'char' [-Wchar-subscripts]
  417 |    if(UART_RxQ[port].rptr == UART_MAXQ-1) UART_RxQ[port].rptr = 0;
      |               ^
../Core/Src/usart.c:417:51: warning: array subscript has type 'char' [-Wchar-subscripts]
  417 |    if(UART_RxQ[port].rptr == UART_MAXQ-1) UART_RxQ[port].rptr = 0;
      |                                                   ^
../Core/Src/usart.c:419:19: warning: array subscript has type 'char' [-Wchar-subscripts]
  419 |    return(UART_RxQ[port].buff[UART_RxQ[port].rptr++]);
      |                   ^
../Core/Src/usart.c:419:39: warning: array subscript has type 'char' [-Wchar-subscripts]
  419 |    return(UART_RxQ[port].buff[UART_RxQ[port].rptr++]);
      |                                       ^
../Core/Src/usart.c: In function 'Usart_Init':
../Core/Src/usart.c:527:12: warning: left-hand operand of comma expression has no effect [-Wunused-value]
  527 |      nRPM_L, nRPM_R = 0;
      |            ^
../Core/Src/usart.c: In function 'DataGetFlowProcess':
../Core/Src/usart.c:849:11: warning: implicit declaration of function 'SerialToCanSendProcess' [-Wimplicit-function-declaration]
  849 |           SerialToCanSendProcess(ptr->Buf);
      |           ^~~~~~~~~~~~~~~~~~~~~~
../Core/Src/usart.c: In function 'DataSendToMotor':
../Core/Src/usart.c:902:43: warning: pointer targets in passing argument 2 of 'GetCheckSum' differ in signedness [-Wpointer-sign]
  902 |   ucSendData[12] = (char) GetCheckSum(12, ucSendData);
      |                                           ^~~~~~~~~~
      |                                           |
      |                                           unsigned char *
In file included from ../Core/Src/usart.c:21:
../Core/Inc/usart.h:110:43: note: expected 'char *' but argument is of type 'unsigned char *'
  110 | char GetCheckSum(short nPacketSize, char *byArray);
      |                                     ~~~~~~^~~~~~~
../Core/Src/usart.c:908:41: warning: pointer targets in passing argument 2 of 'GetCheckSum' differ in signedness [-Wpointer-sign]
  908 |   ucSendData[8] = (char) GetCheckSum(8, ucSendData);
      |                                         ^~~~~~~~~~
      |                                         |
      |                                         unsigned char *
In file included from ../Core/Src/usart.c:21:
../Core/Inc/usart.h:110:43: note: expected 'char *' but argument is of type 'unsigned char *'
  110 | char GetCheckSum(short nPacketSize, char *byArray);
      |                                     ~~~~~~^~~~~~~
../Core/Src/usart.c: In function 'update_channels':
../Core/Src/usart.c:1017:8: warning: implicit declaration of function 'round' [-Wimplicit-function-declaration]
 1017 |   fV = round(((channels[1] / 10) - 100) *  (float)(30.0 / 138.0)* 0.1);
      |        ^~~~~
../Core/Src/usart.c:1017:8: warning: incompatible implicit declaration of built-in function 'round'
../Core/Src/usart.c:29:1: note: include '<math.h>' or provide a declaration of 'round'
   28 | #include "gpio.h"
  +++ |+#include <math.h>
   29 | 
arm-none-eabi-gcc -o "Ai_Wheel_Chair.elf" @"objects.list"   -mcpu=cortex-m3 -T"D:\Projects\Ai_Wheel_Chair_0A 20230824(Velocity Calc)\Ai_Wheel_Chair\STM32F105RBTX_FLASH.ld" --specs=nosys.specs -Wl,-Map="Ai_Wheel_Chair.map" -Wl,--gc-sections -static -u _printf_float --specs=nano.specs -mfloat-abi=soft -mthumb -u _printf_float -Wl,--start-group -lc -lm -Wl,--end-group
Finished building target: Ai_Wheel_Chair.elf
 
arm-none-eabi-size   Ai_Wheel_Chair.elf 
arm-none-eabi-objdump -h -S  Ai_Wheel_Chair.elf  > "Ai_Wheel_Chair.list"
   text	   data	    bss	    dec	    hex	filename
  36968	    536	  24440	  61944	   f1f8	Ai_Wheel_Chair.elf
Finished building: default.size.stdout
 
Finished building: Ai_Wheel_Chair.list
 
13:33:45 **** Incremental Build of configuration Debug for project Ai_Wheel_Chair ****
make -j16 all 
arm-none-eabi-size   Ai_Wheel_Chair.elf 
   text	   data	    bss	    dec	    hex	filename
  36968	    536	  24440	  61944	   f1f8	Ai_Wheel_Chair.elf
Finished building: default.size.stdout
 
13:34:27 **** Incremental Build of configuration Debug for project Ai_Wheel_Chair ****
make -j16 all 
arm-none-eabi-size   Ai_Wheel_Chair.elf 
   text	   data	    bss	    dec	    hex	filename
  36968	    536	  24440	  61944	   f1f8	Ai_Wheel_Chair.elf
Finished building: default.size.stdout
 
